../Core/Src/lcd16x2_v2.c:81:17:DWT_Delay_Init	4	static,ignoring_inline_asm
../Core/Src/lcd16x2_v2.c:107:22:DWT_Delay_us	24	static
../Core/Src/lcd16x2_v2.c:117:13:lcd16x2_enablePulse	8	static
../Core/Src/lcd16x2_v2.c:128:13:lcd16x2_rs	16	static
../Core/Src/lcd16x2_v2.c:136:13:lcd16x2_write	24	static
../Core/Src/lcd16x2_v2.c:173:13:lcd16x2_writeCommand	16	static
../Core/Src/lcd16x2_v2.c:182:13:lcd16x2_writeData	16	static
../Core/Src/lcd16x2_v2.c:191:13:lcd16x2_write4	16	static
../Core/Src/lcd16x2_v2.c:212:6:lcd16x2_init_8bits	24	static
../Core/Src/lcd16x2_v2.c:278:6:lcd16x2_init_4bits	24	static
../Core/Src/lcd16x2_v2.c:329:6:lcd16x2_setCursor	24	static
../Core/Src/lcd16x2_v2.c:347:6:lcd16x2_1stLine	8	static
../Core/Src/lcd16x2_v2.c:354:6:lcd16x2_2ndLine	8	static
../Core/Src/lcd16x2_v2.c:362:6:lcd16x2_twoLines	8	static
../Core/Src/lcd16x2_v2.c:367:6:lcd16x2_oneLine	8	static
../Core/Src/lcd16x2_v2.c:376:6:lcd16x2_cursorShow	16	static
../Core/Src/lcd16x2_v2.c:393:6:lcd16x2_clear	8	static
../Core/Src/lcd16x2_v2.c:402:6:lcd16x2_display	16	static
../Core/Src/lcd16x2_v2.c:419:6:lcd16x2_shiftRight	24	static
../Core/Src/lcd16x2_v2.c:430:6:lcd16x2_shiftLeft	24	static
../Core/Src/lcd16x2_v2.c:441:6:lcd16x2_printf	48	static
