../Core/Src/main.c:89:6:HAL_COMP_TriggerCallback	16	static
../Core/Src/main.c:93:6:HAL_TIM_PeriodElapsedCallback	16	static
../Core/Src/main.c:97:6:HAL_ADC_ConvCpltCallback	16	static
../Core/Src/main.c:104:10:get_adc_frequency	4	static
../Core/Src/main.c:114:5:main	96	static
../Core/Src/main.c:201:6:SystemClock_Config	96	static
../Core/Src/main.c:250:6:PeriphCommonClock_Config	144	static
../Core/Src/main.c:276:13:MX_ADC1_Init	48	static
../Core/Src/main.c:343:13:MX_ADC2_Init	32	static
../Core/Src/main.c:401:13:MX_COMP1_Init	8	static
../Core/Src/main.c:435:13:MX_TIM1_Init	112	static
../Core/Src/main.c:515:13:MX_TIM2_Init	80	static
../Core/Src/main.c:587:13:MX_TIM16_Init	8	static
../Core/Src/main.c:619:13:MX_UART5_Init	8	static
../Core/Src/main.c:652:13:MX_DMA_Init	16	static
../Core/Src/main.c:673:13:MX_GPIO_Init	48	static
../Core/Src/main.c:740:6:Error_Handler	4	static,ignoring_inline_asm
